../Core/Src/main.cpp:82:5:int _write(int, char*, int)	24	static
../Core/Src/main.cpp:94:5:int main()	8	static
../Core/Src/main.cpp:181:6:void SystemClock_Config()	88	static
../Core/Src/main.cpp:225:13:void MX_FDCAN1_Init()	8	static
../Core/Src/main.cpp:266:13:void MX_USART2_UART_Init()	8	static
../Core/Src/main.cpp:311:13:void MX_GPIO_Init()	48	static
../Core/Src/main.cpp:348:6:void HAL_FDCAN_RxFifo0Callback(FDCAN_HandleTypeDef*, uint32_t)	16	static
../Core/Src/main.cpp:353:6:void HAL_FDCAN_RxFifo1Callback(FDCAN_HandleTypeDef*, uint32_t)	16	static
../Core/Src/main.cpp:367:6:void startTaskCanServer(void*)	16	static
../Core/Src/main.cpp:383:6:void startTaskCanRx(void*)	16	static
../Core/Src/main.cpp:399:6:void startTaskCanTx(void*)	16	static
../Core/Src/main.cpp:416:6:void HAL_TIM_PeriodElapsedCallback(TIM_HandleTypeDef*)	16	static
../Core/Src/main.cpp:432:6:void Error_Handler()	4	static,ignoring_inline_asm
