../Core/Src/main.cpp:93:5:int _write(int, char*, int)	24	static
../Core/Src/main.cpp:107:5:int main()	8	static
../Core/Src/main.cpp:212:6:void SystemClock_Config()	88	static
../Core/Src/main.cpp:256:13:void MX_FDCAN1_Init()	8	static
../Core/Src/main.cpp:297:13:void MX_USART2_UART_Init()	8	static
../Core/Src/main.cpp:342:13:void MX_GPIO_Init()	48	static
../Core/Src/main.cpp:379:6:void HAL_FDCAN_RxFifo0Callback(FDCAN_HandleTypeDef*, uint32_t)	16	static
../Core/Src/main.cpp:384:6:void HAL_FDCAN_RxFifo1Callback(FDCAN_HandleTypeDef*, uint32_t)	16	static
../Core/Src/main.cpp:389:6:void HAL_FDCAN_TxBufferCompleteCallback(FDCAN_HandleTypeDef*, uint32_t)	16	static
../Core/Src/main.cpp:406:6:void startTaskCanServer(void*)	104	static
../Core/Src/main.cpp:439:6:void startTaskCanRx(void*)	16	static
../Core/Src/main.cpp:455:6:void startTaskCanTx(void*)	16	static
../Core/Src/main.cpp:472:6:void HAL_TIM_PeriodElapsedCallback(TIM_HandleTypeDef*)	16	static
../Core/Src/main.cpp:488:6:void Error_Handler()	8	static,ignoring_inline_asm
../Core/Src/main.cpp:499:1:void __static_initialization_and_destruction_0(int, int)	16	static
../Core/Src/main.cpp:499:1:cpp)	8	static
../Core/Src/main.cpp:499:1:cpp)	8	static
